{
  "durationProperty": {
    "seconds": 256,
    "nanos": 512
  }
}