{
  "enumField": "FIRST_OPTION",
  "regularField": 0
}