{
  "doubleValue": null,
  "floatValue": null,
  "int64Value": null,
  "uint64Value": null,
  "int32Value": null,
  "uint32Value": null,
  "boolValue": null,
  "stringValue": null
}