{
  "mapIntToString": {
    "1": "1-value"
  },
  "mapStringToComplexType": {
    "string_key": {
      "mapStringToInt": {
        "a": 1
      }
    }
  },
  "mapStringToBytesType": {
    "string_key": "YWJj"
  }
}