{
  "int32List": [
    1,
    2,
    3
  ],
  "int64List": [
    2147483648,
    2147483649,
    2147483650
  ],
  "enumList": [
    2,
    4
  ]
}